MO Mux4to1_Tick NULL Mux4to1_Tick.v vlg50/_mux4to1___tick.bin 1760634425
MO Dem_BCD_0_31_UpDown NULL Dem_BCD_0_31_UpDown.v vlg3C/_dem___b_c_d__0__31___up_down.bin 1760634425
MO SynCounter4bit_UpDown NULL SynCounter4bit_UpDown.v vlg3D/_syn_counter4bit___up_down.bin 1760634425
MO Counter_System_Top NULL Counter_System_Top.v vlg32/_counter___system___top.bin 1760634425
MO TickGen NULL TickGen.v vlg79/_tick_gen.bin 1760634425
