MO Dem_0_9 NULL Dem_0_9.v vlg11/_dem__0__9.bin 1758254846
MO clockDiv NULL clockDiv.v vlg47/clock_div.bin 1758254846
MO gm_led_7doan NULL gm_led_7doan.v vlg0C/gm__led__7doan.bin 1758254846
MO SynCounter4bit NULL SynCounter4bit.v vlg75/_syn_counter4bit.bin 1758254846
MO Mux4_1 NULL Mux4_1.v vlg4E/_mux4__1.bin 1758254846
MO ClockDivision NULL ClockDivision.v vlg6D/_clock_division.bin 1758254846
