MO LED_Pattern NULL LED_Pattern.v vlg5E/_l_e_d___pattern.bin 1760201175
MO LED_Pattern_05Hz NULL LED_Pattern_05Hz.v vlg64/_l_e_d___pattern__05_hz.bin 1760201175
MO top NULL top.v vlg6F/top.bin 1760201175
MO TM1638 NULL TM1638.v vlg4B/_t_m1638.bin 1760201175
MO TickGen NULL TickGen.v vlg79/_tick_gen.bin 1760201175
MO ClockDiv NULL ClockDiv.v vlg27/_clock_div.bin 1760201175
