Release 14.7 - xst P.20131013 (lin64)
Copyright (c) 1995-2013 Xilinx, Inc.  All rights reserved.
--> 
Parameter TMPDIR set to xst/projnav.tmp


Total REAL time to Xst completion: 0.00 secs
Total CPU time to Xst completion: 0.00 secs
 
--> 
Parameter xsthdpdir set to xst


Total REAL time to Xst completion: 0.00 secs
Total CPU time to Xst completion: 0.00 secs
 
--> 
Reading design: Led_Don_Sang_Chay_05Hz.prj

TABLE OF CONTENTS
  1) Synthesis Options Summary
  2) HDL Compilation
  3) Design Hierarchy Analysis
  4) HDL Analysis
  5) HDL Synthesis
     5.1) HDL Synthesis Report
  6) Advanced HDL Synthesis
     6.1) Advanced HDL Synthesis Report
  7) Low Level Synthesis
  8) Partition Report
  9) Final Report
	9.1) Device utilization summary
	9.2) Partition Resource Summary
	9.3) TIMING REPORT


=========================================================================
*                      Synthesis Options Summary                        *
=========================================================================
---- Source Parameters
Input File Name                    : "Led_Don_Sang_Chay_05Hz.prj"
Input Format                       : mixed
Ignore Synthesis Constraint File   : NO

---- Target Parameters
Output File Name                   : "Led_Don_Sang_Chay_05Hz"
Output Format                      : NGC
Target Device                      : xc3s500e-4-fg320

---- Source Options
Top Module Name                    : Led_Don_Sang_Chay_05Hz
Automatic FSM Extraction           : YES
FSM Encoding Algorithm             : Auto
Safe Implementation                : No
FSM Style                          : LUT
RAM Extraction                     : Yes
RAM Style                          : Auto
ROM Extraction                     : Yes
Mux Style                          : Auto
Decoder Extraction                 : YES
Priority Encoder Extraction        : Yes
Shift Register Extraction          : YES
Logical Shifter Extraction         : YES
XOR Collapsing                     : YES
ROM Style                          : Auto
Mux Extraction                     : Yes
Resource Sharing                   : YES
Asynchronous To Synchronous        : NO
Multiplier Style                   : Auto
Automatic Register Balancing       : No

---- Target Options
Add IO Buffers                     : YES
Global Maximum Fanout              : 100000
Add Generic Clock Buffer(BUFG)     : 24
Register Duplication               : YES
Slice Packing                      : YES
Optimize Instantiated Primitives   : NO
Use Clock Enable                   : Yes
Use Synchronous Set                : Yes
Use Synchronous Reset              : Yes
Pack IO Registers into IOBs        : Auto
Equivalent register Removal        : YES

---- General Options
Optimization Goal                  : Speed
Optimization Effort                : 1
Keep Hierarchy                     : No
Netlist Hierarchy                  : As_Optimized
RTL Output                         : Yes
Global Optimization                : AllClockNets
Read Cores                         : YES
Write Timing Constraints           : NO
Cross Clock Analysis               : NO
Hierarchy Separator                : /
Bus Delimiter                      : <>
Case Specifier                     : Maintain
Slice Utilization Ratio            : 100
BRAM Utilization Ratio             : 100
Verilog 2001                       : YES
Auto BRAM Packing                  : NO
Slice Utilization Ratio Delta      : 5

=========================================================================


=========================================================================
*                          HDL Compilation                              *
=========================================================================
Compiling verilog file "TickGen.v" in library work
Compiling verilog file "Led_Don_Sang_Chay.v" in library work
Module <TickGen> compiled
Compiling verilog file "Led_Don_Sang_Chay_05Hz.v" in library work
Module <Led_Don_Sang_Chay> compiled
Module <Led_Don_Sang_Chay_05Hz> compiled
No errors in compilation
Analysis of file <"Led_Don_Sang_Chay_05Hz.prj"> succeeded.
 

=========================================================================
*                     Design Hierarchy Analysis                         *
=========================================================================
Analyzing hierarchy for module <Led_Don_Sang_Chay_05Hz> in library <work>.

Analyzing hierarchy for module <TickGen> in library <work> with parameters.
	M = "00000001011111010111100001000000"

Analyzing hierarchy for module <Led_Don_Sang_Chay> in library <work>.


=========================================================================
*                            HDL Analysis                               *
=========================================================================
Analyzing top module <Led_Don_Sang_Chay_05Hz>.
Module <Led_Don_Sang_Chay_05Hz> is correct for synthesis.
 
Analyzing module <TickGen> in library <work>.
	M = 32'sb00000001011111010111100001000000
Module <TickGen> is correct for synthesis.
 
Analyzing module <Led_Don_Sang_Chay> in library <work>.
Module <Led_Don_Sang_Chay> is correct for synthesis.
 

=========================================================================
*                           HDL Synthesis                               *
=========================================================================

Performing bidirectional port resolution...

Synthesizing Unit <TickGen>.
    Related source file is "TickGen.v".
    Found 31-bit up counter for signal <r>.
    Summary:
	inferred   1 Counter(s).
Unit <TickGen> synthesized.


Synthesizing Unit <Led_Don_Sang_Chay>.
    Related source file is "Led_Don_Sang_Chay.v".
    Found 8-bit register for signal <q>.
Unit <Led_Don_Sang_Chay> synthesized.


Synthesizing Unit <Led_Don_Sang_Chay_05Hz>.
    Related source file is "Led_Don_Sang_Chay_05Hz.v".
Unit <Led_Don_Sang_Chay_05Hz> synthesized.


=========================================================================
HDL Synthesis Report

Macro Statistics
# Counters                                             : 1
 31-bit up counter                                     : 1
# Registers                                            : 1
 8-bit register                                        : 1

=========================================================================

=========================================================================
*                       Advanced HDL Synthesis                          *
=========================================================================


=========================================================================
Advanced HDL Synthesis Report

Macro Statistics
# Counters                                             : 1
 31-bit up counter                                     : 1
# Registers                                            : 8
 Flip-Flops                                            : 8

=========================================================================

=========================================================================
*                         Low Level Synthesis                           *
=========================================================================

Optimizing unit <Led_Don_Sang_Chay_05Hz> ...

Optimizing unit <Led_Don_Sang_Chay> ...

Mapping all equations...
Building and optimizing final netlist ...
Found area constraint ratio of 100 (+ 5) on block Led_Don_Sang_Chay_05Hz, actual ratio is 0.

Final Macro Processing ...

=========================================================================
Final Register Report

Macro Statistics
# Registers                                            : 39
 Flip-Flops                                            : 39

=========================================================================

=========================================================================
*                           Partition Report                            *
=========================================================================

Partition Implementation Status
-------------------------------

  No Partitions were found in this design.

-------------------------------

=========================================================================
*                            Final Report                               *
=========================================================================
Final Results
RTL Top Level Output File Name     : Led_Don_Sang_Chay_05Hz.ngr
Top Level Output File Name         : Led_Don_Sang_Chay_05Hz
Output Format                      : NGC
Optimization Goal                  : Speed
Keep Hierarchy                     : No

Design Statistics
# IOs                              : 10

Cell Usage :
# BELS                             : 144
#      GND                         : 1
#      INV                         : 1
#      LUT1                        : 30
#      LUT2                        : 32
#      LUT3                        : 1
#      LUT4                        : 9
#      MUXCY                       : 38
#      VCC                         : 1
#      XORCY                       : 31
# FlipFlops/Latches                : 39
#      FDC                         : 31
#      FDCE                        : 7
#      FDPE                        : 1
# Clock Buffers                    : 1
#      BUFGP                       : 1
# IO Buffers                       : 9
#      IBUF                        : 1
#      OBUF                        : 8
=========================================================================

Device utilization summary:
---------------------------

Selected Device : 3s500efg320-4 

 Number of Slices:                       43  out of   4656     0%  
 Number of Slice Flip Flops:             39  out of   9312     0%  
 Number of 4 input LUTs:                 73  out of   9312     0%  
 Number of IOs:                          10
 Number of bonded IOBs:                  10  out of    232     4%  
 Number of GCLKs:                         1  out of     24     4%  

---------------------------
Partition Resource Summary:
---------------------------

  No Partitions were found in this design.

---------------------------


=========================================================================
TIMING REPORT

NOTE: THESE TIMING NUMBERS ARE ONLY A SYNTHESIS ESTIMATE.
      FOR ACCURATE TIMING INFORMATION PLEASE REFER TO THE TRACE REPORT
      GENERATED AFTER PLACE-and-ROUTE.

Clock Information:
------------------
-----------------------------------+------------------------+-------+
Clock Signal                       | Clock buffer(FF name)  | Load  |
-----------------------------------+------------------------+-------+
clk                                | BUFGP                  | 39    |
-----------------------------------+------------------------+-------+

Asynchronous Control Signals Information:
----------------------------------------
-----------------------------------+------------------------+-------+
Control Signal                     | Buffer(FF name)        | Load  |
-----------------------------------+------------------------+-------+
reset                              | IBUF                   | 39    |
-----------------------------------+------------------------+-------+

Timing Summary:
---------------
Speed Grade: -4

   Minimum period: 6.348ns (Maximum Frequency: 157.530MHz)
   Minimum input arrival time before clock: No path found
   Maximum output required time after clock: 4.394ns
   Maximum combinational path delay: No path found

Timing Detail:
--------------
All values displayed in nanoseconds (ns)

=========================================================================
Timing constraint: Default period analysis for Clock 'clk'
  Clock period: 6.348ns (frequency: 157.530MHz)
  Total number of paths / destination ports: 1720 / 47
-------------------------------------------------------------------------
Delay:               6.348ns (Levels of Logic = 32)
  Source:            u_tick/r_1 (FF)
  Destination:       u_tick/r_30 (FF)
  Source Clock:      clk rising
  Destination Clock: clk rising

  Data Path: u_tick/r_1 to u_tick/r_30
                                Gate     Net
    Cell:in->out      fanout   Delay   Delay  Logical Name (Net Name)
    ----------------------------------------  ------------
     FDC:C->Q              2   0.591   0.622  u_tick/r_1 (u_tick/r_1)
     LUT1:I0->O            1   0.704   0.000  u_tick/Mcount_r_cy<1>_rt (u_tick/Mcount_r_cy<1>_rt)
     MUXCY:S->O            1   0.464   0.000  u_tick/Mcount_r_cy<1> (u_tick/Mcount_r_cy<1>)
     MUXCY:CI->O           1   0.059   0.000  u_tick/Mcount_r_cy<2> (u_tick/Mcount_r_cy<2>)
     MUXCY:CI->O           1   0.059   0.000  u_tick/Mcount_r_cy<3> (u_tick/Mcount_r_cy<3>)
     MUXCY:CI->O           1   0.059   0.000  u_tick/Mcount_r_cy<4> (u_tick/Mcount_r_cy<4>)
     MUXCY:CI->O           1   0.059   0.000  u_tick/Mcount_r_cy<5> (u_tick/Mcount_r_cy<5>)
     MUXCY:CI->O           1   0.059   0.000  u_tick/Mcount_r_cy<6> (u_tick/Mcount_r_cy<6>)
     MUXCY:CI->O           1   0.059   0.000  u_tick/Mcount_r_cy<7> (u_tick/Mcount_r_cy<7>)
     MUXCY:CI->O           1   0.059   0.000  u_tick/Mcount_r_cy<8> (u_tick/Mcount_r_cy<8>)
     MUXCY:CI->O           1   0.059   0.000  u_tick/Mcount_r_cy<9> (u_tick/Mcount_r_cy<9>)
     MUXCY:CI->O           1   0.059   0.000  u_tick/Mcount_r_cy<10> (u_tick/Mcount_r_cy<10>)
     MUXCY:CI->O           1   0.059   0.000  u_tick/Mcount_r_cy<11> (u_tick/Mcount_r_cy<11>)
     MUXCY:CI->O           1   0.059   0.000  u_tick/Mcount_r_cy<12> (u_tick/Mcount_r_cy<12>)
     MUXCY:CI->O           1   0.059   0.000  u_tick/Mcount_r_cy<13> (u_tick/Mcount_r_cy<13>)
     MUXCY:CI->O           1   0.059   0.000  u_tick/Mcount_r_cy<14> (u_tick/Mcount_r_cy<14>)
     MUXCY:CI->O           1   0.059   0.000  u_tick/Mcount_r_cy<15> (u_tick/Mcount_r_cy<15>)
     MUXCY:CI->O           1   0.059   0.000  u_tick/Mcount_r_cy<16> (u_tick/Mcount_r_cy<16>)
     MUXCY:CI->O           1   0.059   0.000  u_tick/Mcount_r_cy<17> (u_tick/Mcount_r_cy<17>)
     MUXCY:CI->O           1   0.059   0.000  u_tick/Mcount_r_cy<18> (u_tick/Mcount_r_cy<18>)
     MUXCY:CI->O           1   0.059   0.000  u_tick/Mcount_r_cy<19> (u_tick/Mcount_r_cy<19>)
     MUXCY:CI->O           1   0.059   0.000  u_tick/Mcount_r_cy<20> (u_tick/Mcount_r_cy<20>)
     MUXCY:CI->O           1   0.059   0.000  u_tick/Mcount_r_cy<21> (u_tick/Mcount_r_cy<21>)
     MUXCY:CI->O           1   0.059   0.000  u_tick/Mcount_r_cy<22> (u_tick/Mcount_r_cy<22>)
     MUXCY:CI->O           1   0.059   0.000  u_tick/Mcount_r_cy<23> (u_tick/Mcount_r_cy<23>)
     MUXCY:CI->O           1   0.059   0.000  u_tick/Mcount_r_cy<24> (u_tick/Mcount_r_cy<24>)
     MUXCY:CI->O           1   0.059   0.000  u_tick/Mcount_r_cy<25> (u_tick/Mcount_r_cy<25>)
     MUXCY:CI->O           1   0.059   0.000  u_tick/Mcount_r_cy<26> (u_tick/Mcount_r_cy<26>)
     MUXCY:CI->O           1   0.059   0.000  u_tick/Mcount_r_cy<27> (u_tick/Mcount_r_cy<27>)
     MUXCY:CI->O           1   0.059   0.000  u_tick/Mcount_r_cy<28> (u_tick/Mcount_r_cy<28>)
     MUXCY:CI->O           0   0.059   0.000  u_tick/Mcount_r_cy<29> (u_tick/Mcount_r_cy<29>)
     XORCY:CI->O           1   0.804   0.499  u_tick/Mcount_r_xor<30> (Result<30>)
     LUT2:I1->O            1   0.704   0.000  u_tick/Mcount_r_eqn_301 (u_tick/Mcount_r_eqn_30)
     FDC:D                     0.308          u_tick/r_30
    ----------------------------------------
    Total                      6.348ns (5.227ns logic, 1.121ns route)
                                       (82.3% logic, 17.7% route)

=========================================================================
Timing constraint: Default OFFSET OUT AFTER for Clock 'clk'
  Total number of paths / destination ports: 8 / 8
-------------------------------------------------------------------------
Offset:              4.394ns (Levels of Logic = 1)
  Source:            Led_Don_Sang_Chay_05Hz/q_6 (FF)
  Destination:       q<6> (PAD)
  Source Clock:      clk rising

  Data Path: Led_Don_Sang_Chay_05Hz/q_6 to q<6>
                                Gate     Net
    Cell:in->out      fanout   Delay   Delay  Logical Name (Net Name)
    ----------------------------------------  ------------
     FDCE:C->Q             3   0.591   0.531  Led_Don_Sang_Chay_05Hz/q_6 (Led_Don_Sang_Chay_05Hz/q_6)
     OBUF:I->O                 3.272          q_6_OBUF (q<6>)
    ----------------------------------------
    Total                      4.394ns (3.863ns logic, 0.531ns route)
                                       (87.9% logic, 12.1% route)

=========================================================================


Total REAL time to Xst completion: 3.00 secs
Total CPU time to Xst completion: 1.01 secs
 
--> 


Total memory usage is 607564 kilobytes

Number of errors   :    0 (   0 filtered)
Number of warnings :    0 (   0 filtered)
Number of infos    :    0 (   0 filtered)

