MO Dem_BCD_0_31_UpDown_05Hz NULL Dem_BCD_0_31_UpDown_05Hz.v vlg5A/_dem___b_c_d__0__31___up_down__05_hz.bin 1760666142
MO Dem_BCD_0_31_UpDown NULL Dem_BCD_0_31_UpDown.v vlg3C/_dem___b_c_d__0__31___up_down.bin 1760666142
MO SynCounter4bit_UpDown NULL SynCounter4bit_UpDown.v vlg3D/_syn_counter4bit___up_down.bin 1760666142
MO TickGen NULL TickGen.v vlg79/_tick_gen.bin 1760666142
