MO Dem_0_9_AND_9_0_Single NULL Dem_0_9_AND_9_0_Single.v vlg03/_dem__0__9___a_n_d__9__0___single.bin 1758855100
MO SynCounter4bit_Bidirectional NULL SynCounter4bit_Bidirectional.v vlg0D/_syn_counter4bit___bidirectional.bin 1758855100
MO clockDiv_Enable NULL clockDiv_Enable.v vlg19/clock_div___enable.bin 1758855100
