Release 14.7 - xst P.20131013 (lin64)
Copyright (c) 1995-2013 Xilinx, Inc.  All rights reserved.
--> 
Parameter TMPDIR set to xst/projnav.tmp


Total REAL time to Xst completion: 0.00 secs
Total CPU time to Xst completion: 0.02 secs
 
--> 
Parameter xsthdpdir set to xst


Total REAL time to Xst completion: 0.00 secs
Total CPU time to Xst completion: 0.02 secs
 
--> 
Reading design: Auto_Counter_0_9.prj

TABLE OF CONTENTS
  1) Synthesis Options Summary
  2) HDL Compilation
  3) Design Hierarchy Analysis
  4) HDL Analysis
  5) HDL Synthesis
     5.1) HDL Synthesis Report
  6) Advanced HDL Synthesis
     6.1) Advanced HDL Synthesis Report
  7) Low Level Synthesis
  8) Partition Report
  9) Final Report
	9.1) Device utilization summary
	9.2) Partition Resource Summary
	9.3) TIMING REPORT


=========================================================================
*                      Synthesis Options Summary                        *
=========================================================================
---- Source Parameters
Input File Name                    : "Auto_Counter_0_9.prj"
Input Format                       : mixed
Ignore Synthesis Constraint File   : NO

---- Target Parameters
Output File Name                   : "Auto_Counter_0_9"
Output Format                      : NGC
Target Device                      : xc3s500e-4-fg320

---- Source Options
Top Module Name                    : Auto_Counter_0_9
Automatic FSM Extraction           : YES
FSM Encoding Algorithm             : Auto
Safe Implementation                : No
FSM Style                          : LUT
RAM Extraction                     : Yes
RAM Style                          : Auto
ROM Extraction                     : Yes
Mux Style                          : Auto
Decoder Extraction                 : YES
Priority Encoder Extraction        : Yes
Shift Register Extraction          : YES
Logical Shifter Extraction         : YES
XOR Collapsing                     : YES
ROM Style                          : Auto
Mux Extraction                     : Yes
Resource Sharing                   : YES
Asynchronous To Synchronous        : NO
Multiplier Style                   : Auto
Automatic Register Balancing       : No

---- Target Options
Add IO Buffers                     : YES
Global Maximum Fanout              : 100000
Add Generic Clock Buffer(BUFG)     : 24
Register Duplication               : YES
Slice Packing                      : YES
Optimize Instantiated Primitives   : NO
Use Clock Enable                   : Yes
Use Synchronous Set                : Yes
Use Synchronous Reset              : Yes
Pack IO Registers into IOBs        : Auto
Equivalent register Removal        : YES

---- General Options
Optimization Goal                  : Speed
Optimization Effort                : 1
Keep Hierarchy                     : No
Netlist Hierarchy                  : As_Optimized
RTL Output                         : Yes
Global Optimization                : AllClockNets
Read Cores                         : YES
Write Timing Constraints           : NO
Cross Clock Analysis               : NO
Hierarchy Separator                : /
Bus Delimiter                      : <>
Case Specifier                     : Maintain
Slice Utilization Ratio            : 100
BRAM Utilization Ratio             : 100
Verilog 2001                       : YES
Auto BRAM Packing                  : NO
Slice Utilization Ratio Delta      : 5

=========================================================================


=========================================================================
*                          HDL Compilation                              *
=========================================================================
Compiling verilog file "clockDiv_Enable.v" in library work
Compiling verilog file "Auto_Bidirectional_Counter.v" in library work
Module <clockDiv_Enable> compiled
Compiling verilog file "Auto_Counter_0_9.v" in library work
Module <Auto_Bidirectional_Counter> compiled
Module <Auto_Counter_0_9> compiled
No errors in compilation
Analysis of file <"Auto_Counter_0_9.prj"> succeeded.
 

=========================================================================
*                     Design Hierarchy Analysis                         *
=========================================================================
Analyzing hierarchy for module <Auto_Counter_0_9> in library <work>.

Analyzing hierarchy for module <clockDiv_Enable> in library <work> with parameters.
	M = "00000010111110101111000010000000"

Analyzing hierarchy for module <Auto_Bidirectional_Counter> in library <work>.


=========================================================================
*                            HDL Analysis                               *
=========================================================================
Analyzing top module <Auto_Counter_0_9>.
Module <Auto_Counter_0_9> is correct for synthesis.
 
Analyzing module <clockDiv_Enable> in library <work>.
	M = 32'sb00000010111110101111000010000000
Module <clockDiv_Enable> is correct for synthesis.
 
Analyzing module <Auto_Bidirectional_Counter> in library <work>.
Module <Auto_Bidirectional_Counter> is correct for synthesis.
 

=========================================================================
*                           HDL Synthesis                               *
=========================================================================

Performing bidirectional port resolution...

Synthesizing Unit <clockDiv_Enable>.
    Related source file is "clockDiv_Enable.v".
    Found 31-bit up counter for signal <r_reg>.
    Summary:
	inferred   1 Counter(s).
Unit <clockDiv_Enable> synthesized.


Synthesizing Unit <Auto_Bidirectional_Counter>.
    Related source file is "Auto_Bidirectional_Counter.v".
    Found 4-bit register for signal <count_reg>.
    Found 4-bit addsub for signal <count_reg$share0000>.
    Found 1-bit register for signal <direction_reg>.
    Summary:
	inferred   5 D-type flip-flop(s).
	inferred   1 Adder/Subtractor(s).
Unit <Auto_Bidirectional_Counter> synthesized.


Synthesizing Unit <Auto_Counter_0_9>.
    Related source file is "Auto_Counter_0_9.v".
Unit <Auto_Counter_0_9> synthesized.

INFO:Xst:1767 - HDL ADVISOR - Resource sharing has identified that some arithmetic operations in this design can share the same physical resources for reduced device utilization. For improved clock frequency you may try to disable resource sharing.

=========================================================================
HDL Synthesis Report

Macro Statistics
# Adders/Subtractors                                   : 1
 4-bit addsub                                          : 1
# Counters                                             : 1
 31-bit up counter                                     : 1
# Registers                                            : 2
 1-bit register                                        : 1
 4-bit register                                        : 1

=========================================================================

=========================================================================
*                       Advanced HDL Synthesis                          *
=========================================================================


=========================================================================
Advanced HDL Synthesis Report

Macro Statistics
# Adders/Subtractors                                   : 1
 4-bit addsub                                          : 1
# Counters                                             : 1
 31-bit up counter                                     : 1
# Registers                                            : 5
 Flip-Flops                                            : 5

=========================================================================

=========================================================================
*                         Low Level Synthesis                           *
=========================================================================

Optimizing unit <Auto_Counter_0_9> ...

Optimizing unit <Auto_Bidirectional_Counter> ...

Mapping all equations...
Building and optimizing final netlist ...
Found area constraint ratio of 100 (+ 5) on block Auto_Counter_0_9, actual ratio is 0.

Final Macro Processing ...

=========================================================================
Final Register Report

Macro Statistics
# Registers                                            : 36
 Flip-Flops                                            : 36

=========================================================================

=========================================================================
*                           Partition Report                            *
=========================================================================

Partition Implementation Status
-------------------------------

  No Partitions were found in this design.

-------------------------------

=========================================================================
*                            Final Report                               *
=========================================================================
Final Results
RTL Top Level Output File Name     : Auto_Counter_0_9.ngr
Top Level Output File Name         : Auto_Counter_0_9
Output Format                      : NGC
Optimization Goal                  : Speed
Keep Hierarchy                     : No

Design Statistics
# IOs                              : 6

Cell Usage :
# BELS                             : 123
#      GND                         : 1
#      INV                         : 3
#      LUT1                        : 30
#      LUT3                        : 2
#      LUT3_L                      : 1
#      LUT4                        : 13
#      MUXCY                       : 38
#      MUXF5                       : 3
#      VCC                         : 1
#      XORCY                       : 31
# FlipFlops/Latches                : 36
#      FDCE                        : 5
#      FDR                         : 31
# Clock Buffers                    : 1
#      BUFGP                       : 1
# IO Buffers                       : 5
#      IBUF                        : 1
#      OBUF                        : 4
=========================================================================

Device utilization summary:
---------------------------

Selected Device : 3s500efg320-4 

 Number of Slices:                       26  out of   4656     0%  
 Number of Slice Flip Flops:             36  out of   9312     0%  
 Number of 4 input LUTs:                 49  out of   9312     0%  
 Number of IOs:                           6
 Number of bonded IOBs:                   6  out of    232     2%  
 Number of GCLKs:                         1  out of     24     4%  

---------------------------
Partition Resource Summary:
---------------------------

  No Partitions were found in this design.

---------------------------


=========================================================================
TIMING REPORT

NOTE: THESE TIMING NUMBERS ARE ONLY A SYNTHESIS ESTIMATE.
      FOR ACCURATE TIMING INFORMATION PLEASE REFER TO THE TRACE REPORT
      GENERATED AFTER PLACE-and-ROUTE.

Clock Information:
------------------
-----------------------------------+------------------------+-------+
Clock Signal                       | Clock buffer(FF name)  | Load  |
-----------------------------------+------------------------+-------+
clk                                | BUFGP                  | 36    |
-----------------------------------+------------------------+-------+

Asynchronous Control Signals Information:
----------------------------------------
-----------------------------------+------------------------+-------+
Control Signal                     | Buffer(FF name)        | Load  |
-----------------------------------+------------------------+-------+
reset                              | IBUF                   | 5     |
-----------------------------------+------------------------+-------+

Timing Summary:
---------------
Speed Grade: -4

   Minimum period: 6.012ns (Maximum Frequency: 166.321MHz)
   Minimum input arrival time before clock: No path found
   Maximum output required time after clock: 4.620ns
   Maximum combinational path delay: No path found

Timing Detail:
--------------
All values displayed in nanoseconds (ns)

=========================================================================
Timing constraint: Default period analysis for Clock 'clk'
  Clock period: 6.012ns (frequency: 166.321MHz)
  Total number of paths / destination ports: 1645 / 72
-------------------------------------------------------------------------
Delay:               6.012ns (Levels of Logic = 10)
  Source:            clk_1Hz/r_reg_8 (FF)
  Destination:       Counter/direction_reg (FF)
  Source Clock:      clk rising
  Destination Clock: clk rising

  Data Path: clk_1Hz/r_reg_8 to Counter/direction_reg
                                Gate     Net
    Cell:in->out      fanout   Delay   Delay  Logical Name (Net Name)
    ----------------------------------------  ------------
     FDR:C->Q              2   0.591   0.622  clk_1Hz/r_reg_8 (clk_1Hz/r_reg_8)
     LUT3:I0->O            1   0.704   0.000  clk_1Hz/clko_en_wg_lut<0> (clk_1Hz/clko_en_wg_lut<0>)
     MUXCY:S->O            1   0.464   0.000  clk_1Hz/clko_en_wg_cy<0> (clk_1Hz/clko_en_wg_cy<0>)
     MUXCY:CI->O           1   0.059   0.000  clk_1Hz/clko_en_wg_cy<1> (clk_1Hz/clko_en_wg_cy<1>)
     MUXCY:CI->O           1   0.059   0.000  clk_1Hz/clko_en_wg_cy<2> (clk_1Hz/clko_en_wg_cy<2>)
     MUXCY:CI->O           1   0.059   0.000  clk_1Hz/clko_en_wg_cy<3> (clk_1Hz/clko_en_wg_cy<3>)
     MUXCY:CI->O           1   0.059   0.000  clk_1Hz/clko_en_wg_cy<4> (clk_1Hz/clko_en_wg_cy<4>)
     MUXCY:CI->O           1   0.059   0.000  clk_1Hz/clko_en_wg_cy<5> (clk_1Hz/clko_en_wg_cy<5>)
     MUXCY:CI->O           1   0.059   0.000  clk_1Hz/clko_en_wg_cy<6> (clk_1Hz/clko_en_wg_cy<6>)
     MUXCY:CI->O          36   0.331   1.267  clk_1Hz/clko_en_wg_cy<7> (clk_1Hz/clko_en_wg_cy<7>)
     LUT4:I3->O            1   0.704   0.420  Counter/direction_reg_not00011 (Counter/direction_reg_not0001)
     FDCE:CE                   0.555          Counter/direction_reg
    ----------------------------------------
    Total                      6.012ns (3.703ns logic, 2.309ns route)
                                       (61.6% logic, 38.4% route)

=========================================================================
Timing constraint: Default OFFSET OUT AFTER for Clock 'clk'
  Total number of paths / destination ports: 4 / 4
-------------------------------------------------------------------------
Offset:              4.620ns (Levels of Logic = 1)
  Source:            Counter/count_reg_2 (FF)
  Destination:       q<2> (PAD)
  Source Clock:      clk rising

  Data Path: Counter/count_reg_2 to q<2>
                                Gate     Net
    Cell:in->out      fanout   Delay   Delay  Logical Name (Net Name)
    ----------------------------------------  ------------
     FDCE:C->Q             8   0.591   0.757  Counter/count_reg_2 (Counter/count_reg_2)
     OBUF:I->O                 3.272          q_2_OBUF (q<2>)
    ----------------------------------------
    Total                      4.620ns (3.863ns logic, 0.757ns route)
                                       (83.6% logic, 16.4% route)

=========================================================================


Total REAL time to Xst completion: 2.00 secs
Total CPU time to Xst completion: 0.94 secs
 
--> 


Total memory usage is 607352 kilobytes

Number of errors   :    0 (   0 filtered)
Number of warnings :    0 (   0 filtered)
Number of infos    :    1 (   0 filtered)

