#-----------------------------------------------------------
# PlanAhead v14.7 (64-bit)
# Build 321239 by xbuild on Fri Sep 27 19:24:36 MDT 2013
# Start of session at: Fri Sep 12 03:44:54 2025
# Process ID: 7056
# Log file: /home/ise/Working_Space/Chapter_2/KT_1/planAhead_run_1/planAhead.log
# Journal file: /home/ise/Working_Space/Chapter_2/KT_1/planAhead_run_1/planAhead.jou
#-----------------------------------------------------------
start_gui
source /home/ise/Working_Space/Chapter_2/KT_1/pa.fromHdl.tcl
update_compile_order -fileset sim_1
set_property iostandard LVTTL [get_ports [list A]]
set_property iostandard LVTTL [get_ports [list {Ydm[3]} {Ydm[2]} {Ydm[1]} {Ydm[0]}]]
set_property iostandard LVTTL [get_ports [list {Im[3]} {Im[2]} {Im[1]} {Im[0]}]]
set_property iostandard LVCMOS33 [get_ports [list B]]
set_property iostandard LVTTL [get_ports [list Idm]]
set_property iostandard LVTTL [get_ports [list Ym]]
set_property iostandard LVTTL [get_ports [list B]]
set_property iostandard LVTTL [get_ports [list {S[1]} {S[0]}]]
startgroup
set_property package_pin V4 [get_ports A]
endgroup
startgroup
set_property package_pin D18 [get_ports B]
endgroup
set_property pulltype PULLDOWN [get_ports [list A]]
set_property pulltype PULLDOWN [get_ports [list B]]
startgroup
set_property package_pin K17 [get_ports Idm]
endgroup
set_property pulltype PULLDOWN [get_ports [list Idm]]
startgroup
set_property package_pin F12 [get_ports Ym]
endgroup
startgroup
set_property package_pin F9 [get_ports {Ydm[3]}]
endgroup
startgroup
set_property package_pin E9 [get_ports {Ydm[2]}]
endgroup
startgroup
set_property package_pin D11 [get_ports {Ydm[1]}]
endgroup
startgroup
set_property package_pin C11 [get_ports {Ydm[0]}]
endgroup
startgroup
set_property package_pin N17 [get_ports {S[1]}]
endgroup
startgroup
set_property package_pin H18 [get_ports {S[0]}]
endgroup
set_property package_pin "" [get_ports [list  {Im[3]}]]
startgroup
set_property package_pin L14 [get_ports {Im[1]}]
endgroup
startgroup
set_property package_pin L13 [get_ports {Im[0]}]
endgroup
set_property pulltype PULLUP [get_ports [list {S[1]} {S[0]}]]
set_property pulltype PULLUP [get_ports [list {Im[1]}]]
set_property pulltype PULLUP [get_ports [list {Im[0]}]]
startgroup
set_property package_pin H13 [get_ports {Im[2]}]
endgroup
startgroup
set_property package_pin V16 [get_ports {Im[3]}]
endgroup
set_property pulltype PULLDOWN [get_ports [list {Im[3]}]]
set_property pulltype PULLDOWN [get_ports [list {Im[2]}]]
save_constraints
