#-----------------------------------------------------------
# PlanAhead v14.7 (64-bit)
# Build 321239 by xbuild on Fri Sep 27 19:24:36 MDT 2013
# Start of session at: Fri Sep 12 02:27:05 2025
# Process ID: 5702
# Log file: /home/ise/Working_Space/Week3/Demux1_8/planAhead_run_3/planAhead.log
# Journal file: /home/ise/Working_Space/Week3/Demux1_8/planAhead_run_3/planAhead.jou
#-----------------------------------------------------------
start_gui
source /home/ise/Working_Space/Week3/Demux1_8/pa.fromHdl.tcl
update_compile_order -fileset sim_1
set_property iostandard LVTTL [get_ports [list E]]
set_property iostandard LVTTL [get_ports [list I]]
set_property iostandard LVTTL [get_ports [list {Y[7]} {Y[6]} {Y[5]} {Y[4]} {Y[3]} {Y[2]} {Y[1]} {Y[0]}]]
set_property iostandard LVTTL [get_ports [list {S[2]} {S[1]} {S[0]}]]
set_property package_pin "" [get_ports [list  {S[1]}]]
startgroup
set_property package_pin N17 [get_ports {S[2]}]
endgroup
startgroup
set_property package_pin H18 [get_ports {S[1]}]
endgroup
startgroup
set_property package_pin L14 [get_ports {S[0]}]
endgroup
set_property package_pin "" [get_ports [list  {Y[7]}]]
startgroup
set_property package_pin L13 [get_ports E]
endgroup
set_property pulltype PULLDOWN [get_ports [list E]]
set_property pulltype PULLDOWN [get_ports [list {S[2]} {S[1]} {S[0]}]]
set_property pulltype PULLDOWN [get_ports [list I]]
startgroup
set_property package_pin V4 [get_ports I]
endgroup
startgroup
set_property package_pin F9 [get_ports {Y[7]}]
endgroup
set_property package_pin "" [get_ports [list  {Y[5]}]]
startgroup
set_property package_pin E9 [get_ports {Y[6]}]
endgroup
startgroup
set_property package_pin D11 [get_ports {Y[5]}]
endgroup
startgroup
set_property package_pin C11 [get_ports {Y[4]}]
endgroup
startgroup
set_property package_pin F11 [get_ports {Y[3]}]
endgroup
startgroup
set_property package_pin E11 [get_ports {Y[2]}]
endgroup
startgroup
set_property package_pin E12 [get_ports {Y[1]}]
endgroup
startgroup
set_property package_pin F12 [get_ports {Y[0]}]
endgroup
set_property pulltype PULLUP [get_ports [list {S[2]} {S[1]} {S[0]}]]
set_property pulltype PULLUP [get_ports [list E]]
save_constraints
