MO Dem_BCD_0_59 NULL Dem_BCD_0_59.v vlg62/_dem___b_c_d__0__59.bin 1760171840
MO SynCounter4bit_WithEnable NULL SynCounter4bit_WithEnable.v vlg57/_syn_counter4bit___with_enable.bin 1760171840
MO clockDiv NULL clockDiv.v vlg47/clock_div.bin 1759456617
MO TickGen NULL clockDiv.v vlg79/_tick_gen.bin 1759457444
