MO LED_Pattern NULL LED_Pattern.v vlg5E/_l_e_d___pattern.bin 1760164786
MO Dem_BCD_0_59 NULL Dem_BCD_0_59.v vlg62/_dem___b_c_d__0__59.bin 1760662479
MO SynCounter4bit_WithEnable NULL SynCounter4bit_WithEnable.v vlg57/_syn_counter4bit___with_enable.bin 1760662479
MO top NULL top.v vlg6F/top.bin 1760662479
MO Dem_BCD_0_59_05Hz NULL Dem_BCD_0_59_05Hz.v vlg38/_dem___b_c_d__0__59__05_hz.bin 1760662479
MO TM1638 NULL TM1638.v vlg4B/_t_m1638.bin 1760662479
MO TickGen NULL TickGen.v vlg79/_tick_gen.bin 1760662479
MO ClockDiv NULL ClockDiv.v vlg27/_clock_div.bin 1760662479
